[13-06-2026 13:23:00] [usuario] [Alta: INSERT INTO paises (nombrePais) VALUES ('España')]
[13-06-2026 14:33:43] [administrador] [Inicio de sesión correcto.]
[13-06-2026 14:34:16] [administrador] [Inicio de sesión correcto.]
[13-06-2026 14:34:31] [usuario] [Alta: INSERT INTO productoras (nombreProductora, presupuestoProductora) VALUES ('productora', 30000000)]
[13-06-2026 14:34:41] [administrador] [Inicio de sesión correcto.]
[13-06-2026 14:34:57] [usuario] [Alta: INSERT INTO peliculas (tituloPelicula, fechaEstreno, idProductoraFK) VALUES ('300', '2002-11-17', 1)]
[13-06-2026 14:35:21] [usuario] [Alta: INSERT INTO paises (nombrePais) VALUES ('China')]
[13-06-2026 14:35:31] [administrador] [Exportar PDF: Archivo 'reporte_peliculas.pdf' generado con éxito mediante consulta JOIN.]
[13-06-2026 14:39:12] [administrador] [Inicio de sesión correcto.]
[13-06-2026 14:41:17] [administrador] [Modificación: UPDATE productoras SET nombreProductora = 'productora', presupuestoProductora = '30000000.00' WHERE idProductora = 1]
[13-06-2026 18:55:23] [administrador] [Inicio de sesión correcto.]
[13-06-2026 18:55:47] [usuario] [Alta: INSERT INTO productoras (nombreProductora, presupuestoProductora) VALUES ('peliculasssSL', 800000)]
[13-06-2026 18:56:18] [usuario] [Alta: INSERT INTO peliculas (tituloPelicula, fechaEstreno, idProductoraFK) VALUES ('IT', '2003-08-20', 2)]
[13-06-2026 18:56:33] [administrador] [Exportar PDF: Archivo 'reporte_paises.pdf' generado desde consulta países.]
[13-06-2026 18:56:41] [administrador] [Exportar PDF: Archivo 'reporte_productoras.pdf' generado desde consulta productoras.]
[16-06-2026 17:44:17] [administrador] [Inicio de sesión correcto.]
[16-06-2026 17:45:31] [administrador] [Inicio de sesión correcto.]
[16-06-2026 18:09:39] [usuario] [Inicio de sesión correcto.]
[16-06-2026 18:11:04] [usuario] [Alta: INSERT INTO peliculas (tituloPelicula, fechaEstreno, idProductoraFK) VALUES ('simba', '2006-05-17', 1)]
[16-06-2026 18:12:39] [administrador] [Baja: DELETE FROM peliculas WHERE idPelicula = 3]
